node.exe : npm verbose cli C:\Program Files\nodejs\node.exe C:\Program 
Files\nodejs\node_modules\npm\bin\npm-cli.js
At C:\Program Files\nodejs\npm.ps1:29 char:3
+   & $NODE_EXE $NPM_CLI_JS $args
+   ~~~~~~~~~~~~~~~~~~~~~~~~~~~~~
    + CategoryInfo          : NotSpecified: (npm verbose cli...\bin\npm-cli.js 
   :String) [], RemoteException
    + FullyQualifiedErrorId : NativeCommandError
 
npm info using npm@10.9.2
npm info using node@v22.14.0
npm verbose title npm test
npm verbose argv "test" "--loglevel" "verbose"
npm verbose logfile logs-max:10 
dir:C:\Users\pveda\AppData\Local\npm-cache\_logs\2026-04-19T17_13_45_950Z-
npm verbose logfile C:\Users\pveda\AppData\Local\npm-cache\_logs\2026-04-19T17_
13_45_950Z-debug-0.log
npm verbose stack Error: Could not read package.json: Error: ENOENT: no such 
file or directory, open 'D:\FDFED\REACT_end\Happytails-react\package.json'
npm verbose stack     at async open (node:internal/fs/promises:638:25)
npm verbose stack     at async readFile (node:internal/fs/promises:1242:14)
npm verbose stack     at async read (C:\Program Files\nodejs\node_modules\npm\n
ode_modules\@npmcli\package-json\lib\read-package.js:9:18)
npm verbose stack     at async PackageJson.load (C:\Program Files\nodejs\node_m
odules\npm\node_modules\@npmcli\package-json\lib\index.js:131:31)
npm verbose stack     at async PackageJson.normalize (C:\Program Files\nodejs\n
ode_modules\npm\node_modules\@npmcli\package-json\lib\index.js:117:5)
npm verbose stack     at async #run (C:\Program 
Files\nodejs\node_modules\npm\lib\commands\run-script.js:86:13)
npm verbose stack     at async RunScript.exec (C:\Program 
Files\nodejs\node_modules\npm\lib\commands\run-script.js:40:7)
npm verbose stack     at async Npm.exec (C:\Program 
Files\nodejs\node_modules\npm\lib\npm.js:207:9)
npm verbose stack     at async module.exports (C:\Program 
Files\nodejs\node_modules\npm\lib\cli\entry.js:74:5)
npm error code ENOENT
npm error syscall open
npm error path D:\FDFED\REACT_end\Happytails-react\package.json
npm error errno -4058
npm error enoent Could not read package.json: Error: ENOENT: no such file or 
directory, open 'D:\FDFED\REACT_end\Happytails-react\package.json'
npm error enoent This is related to npm not being able to find a file.
npm error enoent
npm verbose cwd D:\FDFED\REACT_end\Happytails-react
npm verbose os Windows_NT 10.0.26200
npm verbose node v22.14.0
npm verbose npm  v10.9.2
npm verbose exit -4058
npm verbose code -4058
npm error A complete log of this run can be found in: C:\Users\pveda\AppData\Lo
cal\npm-cache\_logs\2026-04-19T17_13_45_950Z-debug-0.log
