
> backend@1.0.0 test
> node --experimental-vm-modules node_modules/jest/bin/jest.js --coverage

node.exe : (node:3228) ExperimentalWarning: VM Modules is an experimental 
feature and might change at any time
At C:\Program Files\nodejs\npm.ps1:29 char:3
+   & $NODE_EXE $NPM_CLI_JS $args
+   ~~~~~~~~~~~~~~~~~~~~~~~~~~~~~
    + CategoryInfo          : NotSpecified: ((node:3228) Exp...nge at any time 
   :String) [], RemoteException
    + FullyQualifiedErrorId : NativeCommandError
 
(Use `node --trace-warnings ...` to show where the warning was created)
(node:23968) ExperimentalWarning: VM Modules is an experimental feature and 
might change at any time
(Use `node --trace-warnings ...` to show where the warning was created)
(node:14820) ExperimentalWarning: VM Modules is an experimental feature and 
might change at any time
(Use `node --trace-warnings ...` to show where the warning was created)
PASS src/tests/auth.test.js
  ΓùÅ Console

    console.log
      [dotenv@17.0.1] injecting env (16) from .env ΓÇô [tip] encrypt with 
dotenvx: https://dotenvx.com

      at _log (node_modules/dotenv/lib/main.js:102:11)

PASS src/tests/customer.test.js
  ΓùÅ Console

    console.log
      [dotenv@17.0.1] injecting env (16) from .env ΓÇô [tip] encrypt with 
dotenvx: https://dotenvx.com

      at _log (node_modules/dotenv/lib/main.js:102:11)

