
> backend@1.0.0 test
> node --experimental-vm-modules node_modules/jest/bin/jest.js --coverage

node.exe : (node:31636) ExperimentalWarning: VM Modules is an experimental 
feature and might change at any time
At C:\Program Files\nodejs\npm.ps1:29 char:3
+   & $NODE_EXE $NPM_CLI_JS $args
+   ~~~~~~~~~~~~~~~~~~~~~~~~~~~~~
    + CategoryInfo          : NotSpecified: ((node:31636) Ex...nge at any time 
   :String) [], RemoteException
    + FullyQualifiedErrorId : NativeCommandError
 
(Use `node --trace-warnings ...` to show where the warning was created)
(node:13840) ExperimentalWarning: VM Modules is an experimental feature and 
might change at any time
(Use `node --trace-warnings ...` to show where the warning was created)
(node:9288) ExperimentalWarning: VM Modules is an experimental feature and 
might change at any time
(Use `node --trace-warnings ...` to show where the warning was created)
PASS src/tests/auth.test.js (5.103 s)
  ΓùÅ Console

    console.log
      [dotenv@17.0.1] injecting env (16) from .env ΓÇô [tip] encrypt with 
dotenvx: https://dotenvx.com

      at _log (node_modules/dotenv/lib/main.js:102:11)

PASS src/tests/customer.test.js (7.118 s)
  ΓùÅ Console

    console.log
      [dotenv@17.0.1] injecting env (16) from .env ΓÇô [tip] encrypt with 
dotenvx: https://dotenvx.com

      at _log (node_modules/dotenv/lib/main.js:102:11)

PASS src/tests/admin.test.js (100.946 s)
  ΓùÅ Console

    console.log
      [dotenv@17.0.1] injecting env (16) from .env ΓÇô [tip] encrypt with 
dotenvx: https://dotenvx.com

      at _log (node_modules/dotenv/lib/main.js:102:11)

------------------------------|---------|----------|---------|---------|----------------------------------------------------------------------------------------------------------------------------------------------------------------------------------------------------------------------------------------------------------------------------------------------------------------------------------------------------------------------------------------------------------------------------------------------------------------------------------------------------------------------------------------------------------------------------------------------------------------------------------------------------------------------------
File                          | % Stmts | % Branch | % Funcs | % Lines | Uncovered Line #s                                                                                                                                                                                                                                                                                                                                                                                                                                                                                                                                                                                                                                                          
------------------------------|---------|----------|---------|---------|----------------------------------------------------------------------------------------------------------------------------------------------------------------------------------------------------------------------------------------------------------------------------------------------------------------------------------------------------------------------------------------------------------------------------------------------------------------------------------------------------------------------------------------------------------------------------------------------------------------------------------------------------------------------------
All files                     |   24.29 |     9.41 |   19.18 |   25.05 |                                                                                                                                                                                                                                                                                                                                                                                                                                                                                                                                                                                                                                                                            
 src                          |    64.7 |       20 |   16.66 |    64.7 |                                                                                                                                                                                                                                                                                                                                                                                                                                                                                                                                                                                                                                                                            
  app.js                      |   73.33 |    23.07 |      20 |   73.33 | 37-39,102-112,127-128,132,146,152                                                                                                                                                                                                                                                                                                                                                                                                                                                                                                                                                                                                                                          
  server.js                   |       0 |        0 |       0 |       0 | 6-13                                                                                                                                                                                                                                                                                                                                                                                                                                                                                                                                                                                                                                                                       
 src/config                   |    6.18 |        0 |   14.28 |    6.18 |                                                                                                                                                                                                                                                                                                                                                                                                                                                                                                                                                                                                                                                                            
  cloudinary.js               |     100 |      100 |     100 |     100 |                                                                                                                                                                                                                                                                                                                                                                                                                                                                                                                                                                                                                                                                            
  config_db.js                |       0 |      100 |       0 |       0 | 2-8                                                                                                                                                                                                                                                                                                                                                                                                                                                                                                                                                                                                                                                                        
  passport.js                 |    1.17 |        0 |       0 |    1.17 | 9-199                                                                                                                                                                                                                                                                                                                                                                                                                                                                                                                                                                                                                                                                      
  redis.js                    |      75 |      100 |      50 |      75 | 12                                                                                                                                                                                                                                                                                                                                                                                                                                                                                                                                                                                                                                                                         
 src/controller               |   18.18 |      8.5 |   14.54 |   18.87 |                                                                                                                                                                                                                                                                                                                                                                                                                                                                                                                                                                                                                                                                            
  adminController.js          |   27.12 |     8.29 |   25.89 |   27.84 | 19,24,34-42,72,79-83,95-134,150-218,267-268,326-327,338-384,405-456,461-472,477-525,530-574,627-628,686-718,743,900,1038-1039,1044-1089,1094-1109,1120-1130,1145-1198,1394-1395,1400-1415,1420-1575,1583-1724,1729-1766,1771-1838,1843-1867,1872-1918,1931-1942,1991-1992,2001-2002,2008-2037,2060-2061,2077-2122,2128-2212,2218-2247,2253-2279,2287-2360,2366-2424,2436-2437,2451-2476,2491-2498,2503-2594,2599-2660,2665-2771,2778-2787,2824-2827,2852-2853,2872-2882,2890-2914,2919-2969,2974-3065,3096-3097,3105,3112-3166,3212-3213,3234-3272,3312-3313,3318-3394,3399-3494,3499-3526,3555-3556,3561-3623,3629-3669,3675-3713,3719-3773,3779-3802,3808-3858,3864-3887 
  authControllers.js          |   50.67 |    39.45 |      75 |   50.67 | 18,23,27,35,86,91,95,100,163,167,174,218,223,227,232,276,281,285,292,357-364,382-444,473,482,544,554,561,576-580,585,639,641,647-682,706,708,718-731,745-754,761-842,854-858                                                                                                                                                                                                                                                                                                                                                                                                                                                                                               
  customerControllers.js      |   60.46 |    51.19 |   61.53 |    62.5 | 21,66-71,168-240,245-265,270-283                                                                                                                                                                                                                                                                                                                                                                                                                                                                                                                                                                                                                                           
  eventAnalyticsController.js |    4.57 |        0 |       0 |    5.03 | 7-18,25-79,87-126,134-185,193-258,266-302,310-375                                                                                                                                                                                                                                                                                                                                                                                                                                                                                                                                                                                                                          
  eventController.js          |    4.78 |     1.14 |       0 |    4.91 | 17-186,195-257,265-304,312-358,366-398,406-454,462-497,504-594                                                                                                                                                                                                                                                                                                                                                                                                                                                                                                                                                                                                             
  eventManagerController.js   |    7.47 |        0 |       0 |    7.78 | 9-14,21-30,37-73,80-90,97-108,115-132,139-165,173-179,186-201,208-240,247-258,266-324,330-379                                                                                                                                                                                                                                                                                                                                                                                                                                                                                                                                                                              
  productController.js        |    5.57 |     0.57 |       0 |    5.69 | 28,36-44,49-144,151-288,293-342,347-403,408-506,511-722,727-768,773-820,825-877                                                                                                                                                                                                                                                                                                                                                                                                                                                                                                                                                                                            
  ratingController.js         |    7.92 |        0 |       0 |    8.33 | 7-20,25-103,109-142,148-192,198-212,218-261,267-291,297-339                                                                                                                                                                                                                                                                                                                                                                                                                                                                                                                                                                                                                
  reviewController.js         |     4.9 |        0 |       0 |    5.05 | 8-40,46-94,101-127,134-161,168-294                                                                                                                                                                                                                                                                                                                                                                                                                                                                                                                                                                                                                                         
  storePartnerController.js   |       0 |        0 |       0 |       0 | 5-74                                                                                                                                                                                                                                                                                                                                                                                                                                                                                                                                                                                                                                                                       
  ticketControllers.js        |     7.5 |     1.61 |       0 |    7.62 | 14-19,27-36,44-60,68-107,115-283,290-300,307-337,345-366                                                                                                                                                                                                                                                                                                                                                                                                                                                                                                                                                                                                                   
  vendorController.js         |    4.35 |        0 |       0 |    4.72 | 22,24,28-78,83-169,174-175,187-249,255-276,281-297,302-327,331-431,437-560,566-663,669-809,814-829,835-915,920-1062,1067-1137,1142-1238,1244-1301,1307-1382,1387-1404,1409-1433,1438-1449,1455-1988,1993-2035,2041-2163,2169-2231,2237-2377,2383-2412,2418-2474,2480-2521,2527-2724                                                                                                                                                                                                                                                                                                                                                                                        
 src/middleware               |   66.07 |       44 |      75 |   66.07 |                                                                                                                                                                                                                                                                                                                                                                                                                                                                                                                                                                                                                                                                            
  authMiddleware.js           |     100 |    85.71 |     100 |     100 | 2                                                                                                                                                                                                                                                                                                                                                                                                                                                                                                                                                                                                                                                                          
  cacheMiddleware.js          |   52.94 |       25 |      75 |   52.94 | 26,38-43,79-94                                                                                                                                                                                                                                                                                                                                                                                                                                                                                                                                                                                                                                                             
  errorMiddleware.js          |     100 |       50 |     100 |     100 | 8-13                                                                                                                                                                                                                                                                                                                                                                                                                                                                                                                                                                                                                                                                       
  uploadMiddleware.js         |      50 |        0 |       0 |      50 | 6-9                                                                                                                                                                                                                                                                                                                                                                                                                                                                                                                                                                                                                                                                        
 src/models                   |   59.64 |    58.33 |    61.9 |   61.81 |                                                                                                                                                                                                                                                                                                                                                                                                                                                                                                                                                                                                                                                                            
  adminModel.js               |      75 |       50 |      50 |   81.81 | 29,34                                                                                                                                                                                                                                                                                                                                                                                                                                                                                                                                                                                                                                                                      
  customerModel.js            |      70 |    83.33 |      75 |   73.68 | 72,86-89                                                                                                                                                                                                                                                                                                                                                                                                                                                                                                                                                                                                                                                                   
  eventManagerModel.js        |   66.66 |    66.66 |      75 |      70 | 61-64,76-82                                                                                                                                                                                                                                                                                                                                                                                                                                                                                                                                                                                                                                                                
  eventModel.js               |     100 |      100 |     100 |     100 |                                                                                                                                                                                                                                                                                                                                                                                                                                                                                                                                                                                                                                                                            
  orderModel.js               |     100 |      100 |     100 |     100 |                                                                                                                                                                                                                                                                                                                                                                                                                                                                                                                                                                                                                                                                            
  productsModel.js            |     100 |      100 |     100 |     100 |                                                                                                                                                                                                                                                                                                                                                                                                                                                                                                                                                                                                                                                                            
  ratingModel.js              |     100 |      100 |     100 |     100 |                                                                                                                                                                                                                                                                                                                                                                                                                                                                                                                                                                                                                                                                            
  reviewModel.js              |     100 |      100 |     100 |     100 |                                                                                                                                                                                                                                                                                                                                                                                                                                                                                                                                                                                                                                                                            
  storePartnerModel.js        |       0 |        0 |       0 |       0 | 5-63                                                                                                                                                                                                                                                                                                                                                                                                                                                                                                                                                                                                                                                                       
  ticketModel.js              |   33.33 |      100 |       0 |   33.33 | 5-8                                                                                                                                                                                                                                                                                                                                                                                                                                                                                                                                                                                                                                                                        
  vendorModel.js              |      50 |       50 |      75 |      52 | 82,90-95,102-103,107-113                                                                                                                                                                                                                                                                                                                                                                                                                                                                                                                                                                                                                                                   
 src/router                   |    93.9 |      100 |   57.14 |   93.78 |                                                                                                                                                                                                                                                                                                                                                                                                                                                                                                                                                                                                                                                                            
  adminRoutes.js              |   86.51 |      100 |   57.14 |   85.88 | 100-105,110-115,119-124                                                                                                                                                                                                                                                                                                                                                                                                                                                                                                                                                                                                                                                    
  authRoutes.js               |     100 |      100 |     100 |     100 |                                                                                                                                                                                                                                                                                                                                                                                                                                                                                                                                                                                                                                                                            
  customerRoutes.js           |     100 |      100 |     100 |     100 |                                                                                                                                                                                                                                                                                                                                                                                                                                                                                                                                                                                                                                                                            
  eventAnalyticsRoutes.js     |     100 |      100 |     100 |     100 |                                                                                                                                                                                                                                                                                                                                                                                                                                                                                                                                                                                                                                                                            
  eventManagerRoutes.js       |     100 |      100 |     100 |     100 |                                                                                                                                                                                                                                                                                                                                                                                                                                                                                                                                                                                                                                                                            
  eventRoutes.js              |     100 |      100 |     100 |     100 |                                                                                                                                                                                                                                                                                                                                                                                                                                                                                                                                                                                                                                                                            
  productRoutes.js            |     100 |      100 |     100 |     100 |                                                                                                                                                                                                                                                                                                                                                                                                                                                                                                                                                                                                                                                                            
  ratingRoutes.js             |     100 |      100 |     100 |     100 |                                                                                                                                                                                                                                                                                                                                                                                                                                                                                                                                                                                                                                                                            
  reviewRoutes.js             |     100 |      100 |     100 |     100 |                                                                                                                                                                                                                                                                                                                                                                                                                                                                                                                                                                                                                                                                            
  ticketRouter.js             |     100 |      100 |     100 |     100 |                                                                                                                                                                                                                                                                                                                                                                                                                                                                                                                                                                                                                                                                            
  vendorRoutes.js             |     100 |      100 |     100 |     100 |                                                                                                                                                                                                                                                                                                                                                                                                                                                                                                                                                                                                                                                                            
 src/utils                    |   20.37 |    21.42 |      20 |   20.75 |                                                                                                                                                                                                                                                                                                                                                                                                                                                                                                                                                                                                                                                                            
  cloudinaryUploader.js       |    6.66 |        0 |       0 |    7.14 | 4-32                                                                                                                                                                                                                                                                                                                                                                                                                                                                                                                                                                                                                                                                       
  cronJobs.js                 |     7.4 |       25 |       0 |     7.4 | 9-128,137-140                                                                                                                                                                                                                                                                                                                                                                                                                                                                                                                                                                                                                                                              
  logger.js                   |    87.5 |       50 |     100 |    87.5 | 23                                                                                                                                                                                                                                                                                                                                                                                                                                                                                                                                                                                                                                                                         
  sendEmail.js                |      25 |      100 |       0 |      25 | 4-19                                                                                                                                                                                                                                                                                                                                                                                                                                                                                                                                                                                                                                                                       
------------------------------|---------|----------|---------|---------|----------------------------------------------------------------------------------------------------------------------------------------------------------------------------------------------------------------------------------------------------------------------------------------------------------------------------------------------------------------------------------------------------------------------------------------------------------------------------------------------------------------------------------------------------------------------------------------------------------------------------------------------------------------------------

Test Suites: 3 passed, 3 total
Tests:       99 passed, 99 total
Snapshots:   0 total
Time:        102.614 s
Ran all test suites.
